---
source: src/ui/snapshot_tests.rs
expression: buffer_to_string(&terminal)
---
                                                                                                    
                                                                                                    
                                                                                                    
                                                                                                    
                                                                                                    
                                                                                                    
               ╭  Query Details  [j/k] scroll  [y] copy query  [C] cancel  [K] kill ╮               
               │                                                                    │               
               │  Connection ────────────────────────────────────────               │               
               │  PID:       12346     User: admin     DB: production               │               
               │  Backend:   client backend                                         │               
               │                                                                    │               
               │  Status ────────────────────────────────────────                   │               
               │  State:      idle in transaction      Duration: 3m45s              │               
               │  Wait:      Client / ClientRead                                    │               
               │                                                                    │               
               │  Query ────────────────────────────────────────                    │               
               │  UPDATE orders SET status = 'shipped'                              │               
               │                                                                    │               
               │                                                                    │               
               │                                                                    │               
               │                                                                    │               
               │                                                                    │               
               │                                                                    │               
               │                                                                    │               
               │                                                                    │               
               │                                                                    │               
               │                                                                    │               
               │                                                                    │               
               │                                                                    │               
               │                                                                    │               
               │                                                                    │               
               │                                                                    │               
               ╰────────────────────────────────────────────────────────────────────╯
