---
source: src/ui/snapshot_tests.rs
expression: buffer_to_string(&terminal)
---
 ▶ REPLAY   ◆ recording-2024-01-15.jsonl  42/100  ⟳ 1x   ▶ PLAYING                                                                XX:XX:XX  
╭ 🔌  Connections ── 29 ──────────────────────────────────────────────╮╭ Server Stats ──────────────────────────────────────────────────────╮
│                                                                    ││PG 15.4 · up XXXd XXh                                               │
│                                                                    ││DB: 10.0 GB · 25/100 conn (25%)                                     │
│                                                                    ││──────────────────────────────────────────────────────────────────  │
│                                                                    ││Active: 5 ▁▃▅▆█▁▃▅▆█  Idle/Txn: 2  Wait: 1  AV: 1                   │
│⣤⣤⣤⣤⣤⣤⣤⣤⣴⣶⣶⣶⣶⣶⣶⣶⣶⣶⣶⣾⣿⣿⣶⣤⣤⣤⣤⣤⣤⣤⣤⣤⣶⣶⣶⣶⣶⣶⣶⣶⣶⣶⣾⣿⣿⣶⣤⣤⣤⣤⣤⣤⣤⣤⣤⣶⣶⣶⣶⣶⣶⣶⣶⣶⣶⣶⣿⣿││Locks: 3 █▁▅█▁▅█▁▅█ · Longest: 5.5s                                 │
│⣿⣿⣿⣿⣿⣿⣿⣿⣿⣿⣿⣿⣿⣿⣿⣿⣿⣿⣿⣿⣿⣿⣿⣿⣿⣿⣿⣿⣿⣿⣿⣿⣿⣿⣿⣿⣿⣿⣿⣿⣿⣿⣿⣿⣿⣿⣿⣿⣿⣿⣿⣿⣿⣿⣿⣿⣿⣿⣿⣿⣿⣿⣿⣿⣿⣿⣿⣿││Oldest Txn: 3m45s                                                   │
╰────────────────────────────────────────────────────────────────────╯╰────────────────────────────────────────────────────────────────────╯
╭ 💾  Cache Hit ── 92.9% ─────────────────────────────────────────────╮╭ ⏱️  Avg Duration ── 390ms ──────────────────────────────────────────╮
│⣤⣤⣤⣤⣤⣤⣤⣤⣤⣤⣤⣤⣤⣤⣤⣤⣤⣤⣤⣤⣤⣤⣤⣤⣤⣤⣤⣤⣤⣤⣤⣤⣤⣤⣤⣤⣤⣤⣤⣤⣤⣤⣤⣤⣤⣤⣤⣤⣤⣤⣤⣤⣤⣤⣤⣤⣤⣤⣤⣤⣤⣤⣤⣤⣤⣤⣤⣤││                                                                    │
│⣿⣿⣿⣿⣿⣿⣿⣿⣿⣿⣿⣿⣿⣿⣿⣿⣿⣿⣿⣿⣿⣿⣿⣿⣿⣿⣿⣿⣿⣿⣿⣿⣿⣿⣿⣿⣿⣿⣿⣿⣿⣿⣿⣿⣿⣿⣿⣿⣿⣿⣿⣿⣿⣿⣿⣿⣿⣿⣿⣿⣿⣿⣿⣿⣿⣿⣿⣿││                                                       ⣀⣀⣀⣀⣠⣤⣤⣤⣤⣤⣴⣶⣶│
│⣿⣿⣿⣿⣿⣿⣿⣿⣿⣿⣿⣿⣿⣿⣿⣿⣿⣿⣿⣿⣿⣿⣿⣿⣿⣿⣿⣿⣿⣿⣿⣿⣿⣿⣿⣿⣿⣿⣿⣿⣿⣿⣿⣿⣿⣿⣿⣿⣿⣿⣿⣿⣿⣿⣿⣿⣿⣿⣿⣿⣿⣿⣿⣿⣿⣿⣿⣿││                                   ⣀⣀⣀⣀⣀⣤⣤⣤⣤⣤⣶⣶⣶⣶⣶⣿⣿⣿⣿⣿⣿⣿⣿⣿⣿⣿⣿⣿⣿⣿⣿⣿⣿│
│⣿⣿⣿⣿⣿⣿⣿⣿⣿⣿⣿⣿⣿⣿⣿⣿⣿⣿⣿⣿⣿⣿⣿⣿⣿⣿⣿⣿⣿⣿⣿⣿⣿⣿⣿⣿⣿⣿⣿⣿⣿⣿⣿⣿⣿⣿⣿⣿⣿⣿⣿⣿⣿⣿⣿⣿⣿⣿⣿⣿⣿⣿⣿⣿⣿⣿⣿⣿││               ⣀⣀⣀⣀⣀⣤⣤⣤⣤⣤⣶⣶⣶⣶⣾⣿⣿⣿⣿⣿⣿⣿⣿⣿⣿⣿⣿⣿⣿⣿⣿⣿⣿⣿⣿⣿⣿⣿⣿⣿⣿⣿⣿⣿⣿⣿⣿⣿⣿⣿⣿⣿⣿│
│⣿⣿⣿⣿⣿⣿⣿⣿⣿⣿⣿⣿⣿⣿⣿⣿⣿⣿⣿⣿⣿⣿⣿⣿⣿⣿⣿⣿⣿⣿⣿⣿⣿⣿⣿⣿⣿⣿⣿⣿⣿⣿⣿⣿⣿⣿⣿⣿⣿⣿⣿⣿⣿⣿⣿⣿⣿⣿⣿⣿⣿⣿⣿⣿⣿⣿⣿⣿││⣤⣤⣤⣤⣶⣶⣶⣶⣶⣾⣿⣿⣿⣿⣿⣿⣿⣿⣿⣿⣿⣿⣿⣿⣿⣿⣿⣿⣿⣿⣿⣿⣿⣿⣿⣿⣿⣿⣿⣿⣿⣿⣿⣿⣿⣿⣿⣿⣿⣿⣿⣿⣿⣿⣿⣿⣿⣿⣿⣿⣿⣿⣿⣿⣿⣿⣿⣿│
│⣿⣿⣿⣿⣿⣿⣿⣿⣿⣿⣿⣿⣿⣿⣿⣿⣿⣿⣿⣿⣿⣿⣿⣿⣿⣿⣿⣿⣿⣿⣿⣿⣿⣿⣿⣿⣿⣿⣿⣿⣿⣿⣿⣿⣿⣿⣿⣿⣿⣿⣿⣿⣿⣿⣿⣿⣿⣿⣿⣿⣿⣿⣿⣿⣿⣿⣿⣿││⣿⣿⣿⣿⣿⣿⣿⣿⣿⣿⣿⣿⣿⣿⣿⣿⣿⣿⣿⣿⣿⣿⣿⣿⣿⣿⣿⣿⣿⣿⣿⣿⣿⣿⣿⣿⣿⣿⣿⣿⣿⣿⣿⣿⣿⣿⣿⣿⣿⣿⣿⣿⣿⣿⣿⣿⣿⣿⣿⣿⣿⣿⣿⣿⣿⣿⣿⣿│
╰────────────────────────────────────────────────────────────────────╯╰────────────────────────────────────────────────────────────────────╯
╭ 🔍  Queries [2] ──────────────────────────────────────────────────────────────────────────────────────────────────────────────────────────╮
│PID      Query                                              User             Database          Duration State             Wait            │
│12346    UPDATE orders SET status = 'shipped'               admin            production        3m45s    idle-txn          ClientRead      │
│12345    SELECT * FROM users WHERE id = $1                  app_user         production        5.5s     active            DataFileRead    │
│                                                                                                                                          │
│                                                                                                                                          │
│                                                                                                                                          │
│                                                                                                                                          │
│                                                                                                                                          │
│                                                                                                                                          │
│                                                                                                                                          │
│                                                                                                                                          │
│                                                                                                                                          │
│                                                                                                                                          │
│                                                                                                                                          │
│                                                                                                                                          │
│                                                                                                                                          │
│                                                                                                                                          │
│                                                                                                                                          │
│                                                                                                                                          │
╰──────────────────────────────────────────────────────────────────────────────────────────────────────────────────────────────────────────╯
 Replay  Space play/pause · ←→ step · <> speed · g/G jump  ↑↓ nav · ⏎ inspect · s sort · / filter                                           
 ⇥ locks · w waits · t tables · R repl · v vacuum · x xid · I idx · S stmts · A wal · P cfg · E ext  │  q quit
