---
source: src/ui/snapshot_tests.rs
assertion_line: 793
expression: buffer_to_string(&terminal)
---
╭ Indexes [0] ─────────────────────────────────────────────────────────────────────────────────────────────────────────────────────────────╮
│                                                                                                                                          │
│  No user indexes found                                                                                                                   │
│                                                                                                                                          │
│                                                                                                                                          │
│                                                                                                                                          │
│                                                                                                                                          │
│                                                                                                                                          │
│                                                                                                                                          │
╰──────────────────────────────────────────────────────────────────────────────────────────────────────────────────────────────────────────╯
