---
source: src/ui/snapshot_tests.rs
expression: buffer_to_string(&terminal)
---
 pg_glimpse   ◆ localhost:5432/production  as postgres  25/100 conns  ⟳ 1s                                                        XX:XX:XX  
╭ Connections ── 29 ─────────────────────────────────────────────────╮╭ Server Stats ──────────────────────────────────────────────────────╮
│                                                                    ││PG 15.4 · up XXXd XXh                                               │
│                                                                    ││DB: 10.0 GB · 25/100 conn (25%)                                     │
│                                                                    ││──────────────────────────────────────────────────────────────────  │
│           ⢀⣀⣀⣀⣠⣤⣤⣤⣶⣶⣦⡀            ⣀⣀⣀⣠⣤⣤⣤⣴⣶⣦⡀            ⣀⣀⣀⣀⣤⣤⣤⣤⣶⣶││Active: 5 ▁▃▅▆█▁▃▅▆█  Idle/Txn: 2  Wait: 1  AV: 1                   │
│⣠⣤⣤⣤⣶⣶⣶⣶⣿⣿⣿⣿⣿⣿⣿⣿⣿⣿⣿⣿╭  Configuration  [←→] change  [Esc] save & close  ──────────────────────────────────────────────╮                    │
│⣿⣿⣿⣿⣿⣿⣿⣿⣿⣿⣿⣿⣿⣿⣿⣿⣿⣿⣿⣿│                                                                                                │                    │
│⣿⣿⣿⣿⣿⣿⣿⣿⣿⣿⣿⣿⣿⣿⣿⣿⣿⣿⣿⣿│ ██████╗  ██████╗     ██████╗ ██╗     ██╗███╗   ███╗██████╗ ███████╗███████╗                    │                    │
│⣿⣿⣿⣿⣿⣿⣿⣿⣿⣿⣿⣿⣿⣿⣿⣿⣿⣿⣿⣿│ ██╔══██╗██╔════╝    ██╔════╝ ██║     ██║████╗ ████║██╔══██╗██╔════╝██╔════╝                    │                    │
╰────────────────────│ ██████╔╝██║  ███╗   ██║  ███╗██║     ██║██╔████╔██║██████╔╝███████╗█████╗                      │────────────────────╯
╭ Cache Hit Ratio ── │ ██╔═══╝ ██║   ██║   ██║   ██║██║     ██║██║╚██╔╝██║██╔═══╝ ╚════██║██╔══╝                      │────────────────────╮
│⣀⣀⣀⣀⣀⣀⣀⣀⣀⣀⣀⣀⣀⣀⣀⣀⣀⣀⣀⣀│ ██║     ╚██████╔╝   ╚██████╔╝███████╗██║██║ ╚═╝ ██║██║     ███████║███████╗                    │                    │
│⣿⣿⣿⣿⣿⣿⣿⣿⣿⣿⣿⣿⣿⣿⣿⣿⣿⣿⣿⣿│ ╚═╝      ╚═════╝     ╚═════╝ ╚══════╝╚═╝╚═╝     ╚═╝╚═╝     ╚══════╝╚══════╝                    │                ⢀⣀⣀⣀│
│⣿⣿⣿⣿⣿⣿⣿⣿⣿⣿⣿⣿⣿⣿⣿⣿⣿⣿⣿⣿│                                                                                                │  ⣀⣀⣀⣠⣤⣤⣤⣴⣶⣶⣶⣾⣿⣿⣿⣿⣿⣿│
│⣿⣿⣿⣿⣿⣿⣿⣿⣿⣿⣿⣿⣿⣿⣿⣿⣿⣿⣿⣿│  Settings ────────────────────────────────────────                                             │⣿⣿⣿⣿⣿⣿⣿⣿⣿⣿⣿⣿⣿⣿⣿⣿⣿⣿⣿⣿│
│⣿⣿⣿⣿⣿⣿⣿⣿⣿⣿⣿⣿⣿⣿⣿⣿⣿⣿⣿⣿│  ▸ Graph Marker        ◀  Braille  ▶                                                           │⣿⣿⣿⣿⣿⣿⣿⣿⣿⣿⣿⣿⣿⣿⣿⣿⣿⣿⣿⣿│
│⣿⣿⣿⣿⣿⣿⣿⣿⣿⣿⣿⣿⣿⣿⣿⣿⣿⣿⣿⣿│    Color Theme         ◀  Tokyo Night  ▶                                                       │⣿⣿⣿⣿⣿⣿⣿⣿⣿⣿⣿⣿⣿⣿⣿⣿⣿⣿⣿⣿│
│⣿⣿⣿⣿⣿⣿⣿⣿⣿⣿⣿⣿⣿⣿⣿⣿⣿⣿⣿⣿│    Refresh Interval    ◀  2s  ▶                                                                │⣿⣿⣿⣿⣿⣿⣿⣿⣿⣿⣿⣿⣿⣿⣿⣿⣿⣿⣿⣿│
│⣿⣿⣿⣿⣿⣿⣿⣿⣿⣿⣿⣿⣿⣿⣿⣿⣿⣿⣿⣿│    Warn Duration       ◀  1.0s  ▶                                                              │⣿⣿⣿⣿⣿⣿⣿⣿⣿⣿⣿⣿⣿⣿⣿⣿⣿⣿⣿⣿│
╰────────────────────│    Danger Duration     ◀  10.0s  ▶                                                             │────────────────────╯
╭ Queries [2] ───────│    Recording Retention ◀  1h  ▶                                                                │────────────────────╮
│PID      Query      │                                                                                                │    Wait            │
│12346    UPDATE orde│  About ────────────────────────────────────────                                                │    ClientRead      │
│12345    SELECT * FR│    Version:    X.X.X                                                                           │    DataFileRead    │
│                    │    License:    MIT                                                                             │                    │
│                    │    Built with: Rust + ratatui + tokio-postgres                                                 │                    │
│                    │                                                                                                │                    │
│                    │    GitHub:     github.com/dlt/pg_glimpse                                                       │                    │
│                    │    Issues:     github.com/dlt/pg_glimpse/issues                                                │                    │
│                    │                                                                                                │                    │
│                    │                                                                                                │                    │
│                    │                                                                                                │                    │
│                    │                                                                                                │                    │
│                    │                                                                                                │                    │
│                    │                                                                                                │                    │
│                    │                                                                                                │                    │
│                    │                                                                                                │                    │
│                    │                                                                                                │                    │
│                    │                                                                                                │                    │
│                    │                                                                                                │                    │
│                    │                                                                                                │                    │
│                    │                                                                                                │                    │
│                    ╰────────────────────────────────────────────────────────────────────────────────────────────────╯                    │
│                                                                                                                                          │
│                                                                                                                                          │
│                                                                                                                                          │
╰──────────────────────────────────────────────────────────────────────────────────────────────────────────────────────────────────────────╯
 Queries    ↑↓ nav · ⏎ inspect · s sort · / filter · C/K cancel/kill                                                                        
 ⇥ locks · w waits · t tables · R repl · v vacuum · x xid · I idx · S stmts · A wal · P cfg · E ext  │  L replay · ? help · , config · q qui
