---
source: src/ui/snapshot_tests.rs
expression: buffer_to_string(&terminal)
---
                                                                                                    
                                                                                                    
                                                                                                    
                                                                                                    
                                                                                                    
                                                                                                    
                                                                                                    
            ╭  Index Details  [j/k] scroll  [y] copy definition  [Esc] close  ────────╮             
            │Index no longer exists                                                   │             
            │                                                                         │             
            │                                                                         │             
            │                                                                         │             
            │                                                                         │             
            │                                                                         │             
            │                                                                         │             
            │                                                                         │             
            │                                                                         │             
            │                                                                         │             
            │                                                                         │             
            │                                                                         │             
            │                                                                         │             
            │                                                                         │             
            │                                                                         │             
            │                                                                         │             
            │                                                                         │             
            │                                                                         │             
            │                                                                         │             
            ╰─────────────────────────────────────────────────────────────────────────╯
