---
source: src/ui/snapshot_tests.rs
expression: buffer_to_string(&terminal)
---
╭ ⏳  Wait Events ──────────────────────────────────────────────────────────────╮
│                                                                              │
│  No active wait events                                                       │
│                                                                              │
│                                                                              │
│                                                                              │
│                                                                              │
╰──────────────────────────────────────────────────────────────────────────────╯
