---
source: src/ui/snapshot_tests.rs
expression: buffer_to_string(&terminal)
---
 🐘  pg_glimpse   ◆ localhost:5432/production  as postgres  25/100 conns  ⟳ 1s                                                      XX:XX:XX 
╭ 🔌  Connections ── 29 ──────────────────────────────────────────────╮╭ Server Stats ──────────────────────────────────────────────────────╮
│                                                                    ││PG 15.4 · up XXXd XXh                                               │
│                                                                    ││DB: 10.0 GB · 25/100 conn (25%)                                     │
│                                                                    ││──────────────────────────────────────────────────────────────────  │
│                    ╭ ❓  Keybindings  [j/k] scroll  [Esc] close ─────────────────────────────────────────────────────╮1                   │
│                    │                                                                                                │                    │
│          ⣀⣀⣀⣀⣀⣀⣀⣠⣤⣤│  Navigation ────────────────────────────────────────                                           │                    │
│⣶⣾⣿⣿⣿⣿⣿⣿⣿⣿⣿⣿⣿⣿⣿⣿⣿⣿⣿⣿│    q           Back to queries / quit                                                          │                    │
│⣿⣿⣿⣿⣿⣿⣿⣿⣿⣿⣿⣿⣿⣿⣿⣿⣿⣿⣿⣿│    Ctrl+C      Force quit                                                                      │                    │
╰────────────────────│    p           Pause / resume refresh                                                          │────────────────────╯
╭ 💾  Cache Hit ── 92.│    r           Force refresh now                                                               │────────────────────╮
│⣀⣀⣀⣀⣀⣀⣀⣀⣀⣀⣀⣀⣀⣀⣀⣀⣀⣀⣀⣀│    ?           This help screen                                                                │                    │
│⣿⣿⣿⣿⣿⣿⣿⣿⣿⣿⣿⣿⣿⣿⣿⣿⣿⣿⣿⣿│    ,           Configuration                                                                   │                ⢀⣀⣀⣀│
│⣿⣿⣿⣿⣿⣿⣿⣿⣿⣿⣿⣿⣿⣿⣿⣿⣿⣿⣿⣿│    L           Load recording (replay mode)                                                    │  ⣀⣀⣀⣠⣤⣤⣤⣴⣶⣶⣶⣾⣿⣿⣿⣿⣿⣿│
│⣿⣿⣿⣿⣿⣿⣿⣿⣿⣿⣿⣿⣿⣿⣿⣿⣿⣿⣿⣿│                                                                                                │⣿⣿⣿⣿⣿⣿⣿⣿⣿⣿⣿⣿⣿⣿⣿⣿⣿⣿⣿⣿│
│⣿⣿⣿⣿⣿⣿⣿⣿⣿⣿⣿⣿⣿⣿⣿⣿⣿⣿⣿⣿│  Panels ────────────────────────────────────────                                               │⣿⣿⣿⣿⣿⣿⣿⣿⣿⣿⣿⣿⣿⣿⣿⣿⣿⣿⣿⣿│
│⣿⣿⣿⣿⣿⣿⣿⣿⣿⣿⣿⣿⣿⣿⣿⣿⣿⣿⣿⣿│    Q           Queries (active)                                                                │⣿⣿⣿⣿⣿⣿⣿⣿⣿⣿⣿⣿⣿⣿⣿⣿⣿⣿⣿⣿│
│⣿⣿⣿⣿⣿⣿⣿⣿⣿⣿⣿⣿⣿⣿⣿⣿⣿⣿⣿⣿│    Tab         Blocking chains                                                                 │⣿⣿⣿⣿⣿⣿⣿⣿⣿⣿⣿⣿⣿⣿⣿⣿⣿⣿⣿⣿│
│⣿⣿⣿⣿⣿⣿⣿⣿⣿⣿⣿⣿⣿⣿⣿⣿⣿⣿⣿⣿│    w           Wait events                                                                     │⣿⣿⣿⣿⣿⣿⣿⣿⣿⣿⣿⣿⣿⣿⣿⣿⣿⣿⣿⣿│
╰────────────────────│    t           Table stats                                                                     │────────────────────╯
╭ 🔍  Queries [2] ────│    R           Replication (lag, slots, subs)                                                  │────────────────────╮
│PID      Query      │    v           Vacuum progress                                                                 │    Wait            │
│12346    UPDATE orde│    x           Transaction wraparound                                                          │    ClientRead      │
│12345    SELECT * FR│    I           Index stats                                                                     │    DataFileRead    │
│                    │    S           pg_stat_statements                                                              │                    │
│                    │    A           WAL & I/O stats                                                                 │                    │
│                    │    P           PostgreSQL settings                                                             │                    │
│                    │    E           Extensions                                                                      │                    │
│                    │                                                                                                │                    │
│                    │  Panel Controls ────────────────────────────────────────                                       │                    │
│                    │    Esc         Back to queries (or quit)                                                       │                    │
│                    │    ↑ / k       Select previous row                                                             │                    │
│                    │    ↓ / j       Select next row                                                                 │                    │
│                    │    s           Cycle sort column                                                               │                    │
│                    │    /           Fuzzy filter                                                                    │                    │
│                    │    Enter       Inspect selected row                                                            │                    │
│                    │                                                                                                │                    │
│                    │  Query Actions ────────────────────────────────────────                                        │                    │
│                    │    C           Cancel query (batch if filtered)                                                │                    │
│                    │    K           Terminate backend (batch if filtered)                                           │                    │
│                    │    y           Copy query to clipboard                                                         │                    │
│                    │                                                                                                │                    │
│                    │  Overlay ────────────────────────────────────────                                              │                    │
│                    ╰────────────────────────────────────────────────────────────────────────────────────────────────╯                    │
│                                                                                                                                          │
│                                                                                                                                          │
╰──────────────────────────────────────────────────────────────────────────────────────────────────────────────────────────────────────────╯
 Queries    ↑↓ nav · ⏎ inspect · s sort · / filter · C/K cancel/kill                                                                        
 ⇥ locks · w waits · t tables · R repl · v vacuum · x xid · I idx · S stmts · A wal · P cfg · E ext  │  L replay · ? help · , config · q qui
