---
source: src/ui/snapshot_tests.rs
expression: buffer_to_string(&terminal)
---
╭ 🔒  Blocking ─────────────────────────────────────────────────────────────────────────────────────╮
│                                                                                                  │
│  No blocking detected                                                                            │
│                                                                                                  │
│                                                                                                  │
│                                                                                                  │
│                                                                                                  │
│                                                                                                  │
│                                                                                                  │
╰──────────────────────────────────────────────────────────────────────────────────────────────────╯
