---
source: src/ui/snapshot_tests.rs
assertion_line: 731
expression: buffer_to_string(&terminal)
---
╭ Vacuum Progress ─────────────────────────────────────────────────────────────────────────────────╮
│                                                                                                  │
│  No vacuums running                                                                              │
│                                                                                                  │
│                                                                                                  │
│                                                                                                  │
│                                                                                                  │
│                                                                                                  │
│                                                                                                  │
╰──────────────────────────────────────────────────────────────────────────────────────────────────╯
