---
source: src/ui/snapshot_tests.rs
expression: buffer_to_string(&terminal)
---
╭ Server Stats ────────────────────────╮
│PG 15.4 · up XXXd XXh                 │
│Waiting for data...                   │
│Ext: [ss] [bc]                        │
│                                      │
│                                      │
│                                      │
│                                      │
│                                      │
│                                      │
│                                      │
│                                      │
│                                      │
│                                      │
│                                      │
│                                      │
│                                      │
│                                      │
│                                      │
╰──────────────────────────────────────╯
