---
source: src/ui/snapshot_tests.rs
expression: buffer_to_string(&terminal)
---
                                                                                
                                                                                
                                                                                
                                                                                
                                                                                
                                                                                
                  ╭  Cancel Query  ──────────────────────────╮                  
                  │                                          │                  
                  │  Filter 'SELECT' matches 3 queries       │                  
                  │                                          │                  
                  │   1  Cancel this query (PID 12345)       │                  
                  │                                          │                  
                  ╰──────────────────────────────────────────╯
