---
source: src/ui/snapshot_tests.rs
expression: buffer_to_string(&terminal)
---
╭ 🧹  Vacuum ───────────────────────────────────────────────────────────────────────────────────────╮
│PID      Table                                        Phase                Progress   Dead Tuples │
│34567    public.large_table                           scanning heap        45.0%      12500       │
│                                                                                                  │
│                                                                                                  │
│                                                                                                  │
│                                                                                                  │
│                                                                                                  │
│                                                                                                  │
╰──────────────────────────────────────────────────────────────────────────────────────────────────╯
