---
source: src/ui/snapshot_tests.rs
expression: buffer_to_string(&terminal)
---
╭ ⏳  Wait Events ──────────────────────────────────────────────────────────────╮
│          IO ███████████████████████ 5                                        │
│        Lock ██████████████ 3                                                 │
│      Client ████████████████████████████████████████████████████████ 12      │
│                                                                              │
│                                                                              │
│                                                                              │
╰──────────────────────────────────────────────────────────────────────────────╯
