---
source: src/ui/snapshot_tests.rs
expression: buffer_to_string(&terminal)
---
╭ Extensions [0] ──────────────────────────────────────────────────────────────────────────────────────────────────────────────────────────╮
│                                                                                                                                          │
│  No extensions installed                                                                                                                 │
│                                                                                                                                          │
│                                                                                                                                          │
│                                                                                                                                          │
│                                                                                                                                          │
│                                                                                                                                          │
│                                                                                                                                          │
╰──────────────────────────────────────────────────────────────────────────────────────────────────────────────────────────────────────────╯
