---
source: src/ui/snapshot_tests.rs
expression: buffer_to_string(&terminal)
---
╭ 💿  WAL & I/O ────────────────────────────────────────────────────────────────────────────────────╮
│WAL Generation                   Checkpoints                     Archiver                         │
│                                                                                                  │
│N/A (PG14+)                      No data                         Archiving disabled               │
│                                                                                                  │
│                                                                                                  │
│                                                                                                  │
│                                                                                                  │
│                                                                                                  │
│                                                                                                  │
│                                                                                                  │
│                                                                                                  │
│Buffer I/O:                                                                                       │
│                                                                                                  │
╰──────────────────────────────────────────────────────────────────────────────────────────────────╯
