---
source: src/ui/snapshot_tests.rs
expression: buffer_to_string(&terminal)
---
╭ 📋  Table Stats [0] ──────────────────────────────────────────────────────────────────────────────────────────────────────────────────────╮
│                                                                                                                                          │
│  No user tables found                                                                                                                    │
│                                                                                                                                          │
│                                                                                                                                          │
│                                                                                                                                          │
│                                                                                                                                          │
│                                                                                                                                          │
│                                                                                                                                          │
╰──────────────────────────────────────────────────────────────────────────────────────────────────────────────────────────────────────────╯
