---
source: src/ui/snapshot_tests.rs
expression: buffer_to_string(&terminal)
---
                                                                      
                                                                      
                                                                      
           ╭  Configuration  [←→] change  [q/Esc] save & cl╮          
           │                                               │          
           │ ██████╗  ██████╗     ██████╗ ██╗     ██╗███╗  │          
           │ ██╔══██╗██╔════╝    ██╔════╝ ██║     ██║████╗ │          
           │ ██████╔╝██║  ███╗   ██║  ███╗██║     ██║██╔███│          
           │ ██╔═══╝ ██║   ██║   ██║   ██║██║     ██║██║╚██│          
           │ ██║     ╚██████╔╝   ╚██████╔╝███████╗██║██║ ╚═│          
           │ ╚═╝      ╚═════╝     ╚═════╝ ╚══════╝╚═╝╚═╝   │          
           │                                               │          
           │  Settings ────────────────────────────────────│          
           │  ▸ Graph Marker        ◀  Braille  ▶          │          
           │    Color Theme         ◀  Tokyo Night  ▶      │          
           │    Refresh Interval    ◀  2s  ▶               │          
           │    Warn Duration       ◀  1.0s  ▶             │          
           │    Danger Duration     ◀  10.0s  ▶            │          
           │    Recording Retention ◀  1h  ▶               │          
           │    Recordings Dir      ◀  <RECORDINGS_DIR>│          
           │                                               │          
           ╰───────────────────────────────────────────────╯
