---
source: src/ui/snapshot_tests.rs
assertion_line: 950
expression: buffer_to_string(&terminal)
---
╭ Server Stats ────────────────────────╮
│PG 15.4 · up 756d 10h                 │
│Waiting for data...                   │
│Ext: [ss] [bc]                        │
│                                      │
│                                      │
│                                      │
│                                      │
│                                      │
│                                      │
│                                      │
│                                      │
│                                      │
│                                      │
│                                      │
│                                      │
│                                      │
│                                      │
│                                      │
╰──────────────────────────────────────╯
