---
source: src/ui/snapshot_tests.rs
expression: buffer_to_string(&terminal)
---
╭ ⚠️  Wraparound ───────────────────────────────────────────────────────────────────────────────────╮
│                                                                                                  │
│  No databases found                                                                              │
│                                                                                                  │
│                                                                                                  │
│                                                                                                  │
│                                                                                                  │
│                                                                                                  │
│                                                                                                  │
╰──────────────────────────────────────────────────────────────────────────────────────────────────╯
