---
source: src/ui/snapshot_tests.rs
expression: buffer_to_string(&terminal)
---
╭ PostgreSQL Settings [0] ─────────────────────────────────────────────────────────────────────────────────────────────────────────────────╮
│                                                                                                                                          │
│  No settings loaded                                                                                                                      │
│                                                                                                                                          │
│                                                                                                                                          │
│                                                                                                                                          │
│                                                                                                                                          │
│                                                                                                                                          │
│                                                                                                                                          │
╰──────────────────────────────────────────────────────────────────────────────────────────────────────────────────────────────────────────╯
