---
source: src/ui/snapshot_tests.rs
expression: buffer_to_string(&terminal)
---
╭ 🔒  Blocking ─────────────────────────────────────────────────────────────────────────────────────╮
│Blocker     Blocked  Duration  Blocker Query                                                      │
│2        →  1        0.0s      -                                                                  │
│                                                                                                  │
│                                                                                                  │
│                                                                                                  │
│                                                                                                  │
│                                                                                                  │
│                                                                                                  │
╰──────────────────────────────────────────────────────────────────────────────────────────────────╯
